// Jest Snapshot v1, https://goo.gl/fbAQLP

exports[`Details component snapshot test 1`] = `
<section
  style={
    Object {
      "borderBottom": "1px solid rgba(0, 0, 0, 0.15)",
      "display": "flex",
      "fontFamily": "sans-serif",
      "justifyContent": "space-between",
      "padding": "1rem",
    }
  }
>
  <div
    className="left-side"
    style={
      Object {
        "display": "flex",
        "flexDirection": "column",
        "justifyContent": "space-between",
      }
    }
  >
    <a
      className="h-menu"
      style={
        Object {
          "fontSize": "8vw",
        }
      }
    >
      ☰
    </a>
    <div
      className="h-date"
      style={
        Object {
          "fontSize": "5vw",
          "marginLeft": "4rem",
        }
      }
    >
      Friday, Jul 14th
    </div>
    <div
      className="h-title"
      style={
        Object {
          "fontSize": "8vw",
          "marginLeft": "3rem",
        }
      }
    >
      Start Workout
    </div>
  </div>
  <div
    className="right-side"
  >
    <img
      src="https://s3.amazonaws.com/uifaces/faces/twitter/angelceballos/128.jpg"
      style={
        Object {
          "borderRadius": "2rem",
          "width": "3rem",
        }
      }
    />
  </div>
</section>
`;
