// Jest Snapshot v1, https://goo.gl/fbAQLP

exports[`Exercise component should render something 1`] = `
<section>
  <div>
    started
  </div>
  <div>
    weight: 100
  </div>
  <div>
    reps: 8
  </div>
  <div>
    sets 0 / 5 done
  </div>
  <div>
    the time
  </div>
  <div>
    <button>
      Make pause
    </button>
  </div>
  <div>
    60 sec rest time
  </div>
</section>
`;
