// Jest Snapshot v1, https://goo.gl/fbAQLP

exports[`Exercises Action Creators .exercisesOrderChange should return action with a type of EXERCISES_ORDER_CHANGE 1`] = `
Object {
  "payload": Object {
    "exercise": Object {
      "exerciseId": "3",
      "name": "Push-ups",
      "reps": 20,
      "restTime": 90,
      "results": Array [],
      "sets": 5,
      "weight": 0,
    },
  },
  "type": "EXERCISES_ORDER_CHANGE",
}
`;
