// Jest Snapshot v1, https://goo.gl/fbAQLP

exports[`Exercise component should match the snapshot 1`] = `
<section>
  <div>
    <span>
      weight: 100
    </span>
    <span>
      reps: 8
    </span>
  </div>
  <div>
    sets 0 / 5 done 
    <span>
      results : []
    </span>
  </div>
  <svg
    height="300px"
    width="300px"
  >
    <g>
      <path
        d="M 245.1056516 119.0983006 A 100 100 0 0 0 167.3648178 51.5192247"
        style="fill:none;stroke-width:12px;stroke:lightgrey;"
      />
      <path
        d="M 208.7785252 230.9016994 A 100 100 0 0 0 249.0268069 136.0826899"
        style="fill:none;stroke-width:12px;stroke:lightgrey;"
      />
      <path
        d="M 91.2214748 230.9016994 A 100 100 0 0 0 193.8371147 239.8794046"
        style="fill:none;stroke-width:12px;stroke:lightgrey;"
      />
      <path
        d="M 54.8943484 119.0983006 A 100 100 0 0 0 78.06602 219.465837"
        style="fill:none;stroke-width:12px;stroke:lightgrey;"
      />
      <path
        d="M 150 50 A 100 100 0 0 0 61.7052407 103.0528437"
        style="fill:none;stroke-width:12px;stroke:lightgrey;"
      />
    </g>
  </svg>
</section>
`;
