// Jest Snapshot v1, https://goo.gl/fbAQLP

exports[`Welcome component Shallow snapshot matches the previous 1`] = `
<section
  data-css-kj33m7=""
>
  <div
    data-css-ut9bv=""
  >
    <div
      data-css-1ixk24o=""
      data-test="date"
    >
      Saturday, Jul 15th
    </div>
    <div
      data-css-1qe4ilz=""
    >
      Gym dots
    </div>
  </div>
  <div
    data-css-5vm3an=""
  >
    <div>
      Welcome!
    </div>
    <div>
      Login into gym dots systems
    </div>
    <div
      data-css-1frxcgx=""
    >
      <div
        data-css-16vjom5=""
      >
        <Icon
          color="#5E6B7D"
          icon="facebook"
          size={30}
        />
        <button
          data-css-3l7lts=""
          data-test="facebook"
          onClick={[Function]}
        >
          login with facebook
        </button>
      </div>
      <div
        data-css-16vjom5=""
      >
        <Icon
          color="#5E6B7D"
          icon="twitter"
          size={30}
        />
        <button
          data-css-3l7lts=""
          data-test="twitter"
          onClick={[Function]}
        >
          login with twitter
        </button>
      </div>
      <div
        data-css-16vjom5=""
      >
        <Icon
          color="#5E6B7D"
          icon="guest"
          size={30}
        />
        <button
          data-css-3l7lts=""
          data-test="guest"
          onClick={[Function]}
        >
          login as guest
        </button>
      </div>
    </div>
  </div>
</section>
`;
