// Jest Snapshot v1, https://goo.gl/fbAQLP

exports[`ExerciseListRow component should render exercise 1`] = `
<li
  data-css-wd60qt=""
  data-test="exercise-row-zzt"
  onClick={[Function]}
>
  <div
    data-css-12buxqa=""
  >
    <div
      data-css-ikdvzh=""
    />
    <div
      data-css-1hvluh9=""
    />
  </div>
  <div
    data-css-eypxw5=""
  >
    <div
      data-css-1vhzv1k=""
    >
      Push-ups
    </div>
    <div
      data-css-1q1fiqx=""
      data-test="exercise-details"
    >
      0
       kg x 
      20
       reps x 
      5
       sets
    </div>
  </div>
</li>
`;
