// Jest Snapshot v1, https://goo.gl/fbAQLP

exports[`ExerciseList component When list is empty and has length 0 should not render the component and return null 1`] = `undefined`;

exports[`ExerciseList component should render without crashing 1`] = `
<div>
  <span
    data-css-8sps25=""
    data-test="list-title"
  >
    Some title
  </span>
  <ul
    data-css-1a2tw8=""
    data-test="list"
  >
    <_ExerciseListRow
      exerciseId=""
      name="Push-ups"
      onRowClick={[Function]}
      reps={20}
      restTime={90}
      results={Array []}
      sets={5}
      weight={0}
    />
    <_ExerciseListRow
      exerciseId=""
      name="Australian pull-ups"
      onRowClick={[Function]}
      reps={12}
      restTime={30}
      results={Array []}
      sets={5}
      weight={0}
    />
  </ul>
</div>
`;
